
> frontend@2.2.0 test
> vitest run RecipientSelector.test.jsx


[1m[46m RUN [49m[22m [36mv4.1.0 [39m[90mC:/Users/aryar/.gemini/antigravity/scratch/Projetos Serios/Projeto - ZapVoice no Chatwoot/frontend[39m

node.exe : 
[90mstderr[2m | src/comp
onents/RecipientSelector.t
est.jsx[2m > [22m[2mRec
ipientSelector[2m > 
[22m[2mrenderiza o 
t├¡tulo corretamente
No linha:1 caractere:1
+ & "C:\Program 
Files\nodejs/node.exe" 
"C:\Program 
Files\nodejs/node_mo ...
+ ~~~~~~~~~~~~~~~~~~~~~~~~
~~~~~~~~~~~~~~~~~~~~~~~~~~
~~~~~~~~~~~~~~~~~~~
    + CategoryInfo        
      : NotSpecified: (  
  [90mstderr[2m...lo c   
 orretamente:String) [    
], RemoteException
    + FullyQualifiedError 
   Id : NativeCommandErr  
  or
 
[22m[39mErro ao 
carregar filtros de 
leads: TypeError: Cannot 
read properties of 
undefined (reading 'ok')
    at loadFilters (C:/Use
rs/aryar/.gemini/antigravi
ty/scratch/Projetos 
Serios/Projeto - ZapVoice 
no Chatwoot/frontend/src/c
omponents/RecipientSelecto
r.jsx:92:25)
[90m    at 
processTicksAndRejections 
(node:internal/process/tas
k_queues:103:5)[39m
An update to 
RecipientSelector inside 
a test was not wrapped in 
act(...).

When testing, code that 
causes React state 
updates should be wrapped 
into act(...):

act(() => {
  /* fire events that 
update state */
});
/* assert on the output */

This ensures that you're 
testing the behavior the 
user would see in the 
browser. Learn more at htt
ps://react.dev/link/wrap-t
ests-with-act
Erro ao carregar filtros 
de leads: TypeError: 
Cannot read properties of 
undefined (reading 'ok')
    at loadFilters (C:/Use
rs/aryar/.gemini/antigravi
ty/scratch/Projetos 
Serios/Projeto - ZapVoice 
no Chatwoot/frontend/src/c
omponents/RecipientSelecto
r.jsx:92:25)
[90m    at 
processTicksAndRejections 
(node:internal/process/tas
k_queues:103:5)[39m
An update to 
RecipientSelector inside 
a test was not wrapped in 
act(...).

When testing, code that 
causes React state 
updates should be wrapped 
into act(...):

act(() => {
  /* fire events that 
update state */
});
/* assert on the output */

This ensures that you're 
testing the behavior the 
user would see in the 
browser. Learn more at htt
ps://react.dev/link/wrap-t
ests-with-act

[90mstderr[2m | src/comp
onents/RecipientSelector.t
est.jsx[2m > [22m[2mRec
ipientSelector[2m > 
[22m[2mrenderiza 
bot├Áes de modo manual e 
upload
[22m[39mErro ao 
carregar filtros de 
leads: TypeError: Cannot 
read properties of 
undefined (reading 'ok')
    at loadFilters (C:/Use
rs/aryar/.gemini/antigravi
ty/scratch/Projetos 
Serios/Projeto - ZapVoice 
no Chatwoot/frontend/src/c
omponents/RecipientSelecto
r.jsx:92:25)
[90m    at 
processTicksAndRejections 
(node:internal/process/tas
k_queues:103:5)[39m
An update to 
RecipientSelector inside 
a test was not wrapped in 
act(...).

When testing, code that 
causes React state 
updates should be wrapped 
into act(...):

act(() => {
  /* fire events that 
update state */
});
/* assert on the output */

This ensures that you're 
testing the behavior the 
user would see in the 
browser. Learn more at htt
ps://react.dev/link/wrap-t
ests-with-act
Erro ao carregar filtros 
de leads: TypeError: 
Cannot read properties of 
undefined (reading 'ok')
    at loadFilters (C:/Use
rs/aryar/.gemini/antigravi
ty/scratch/Projetos 
Serios/Projeto - ZapVoice 
no Chatwoot/frontend/src/c
omponents/RecipientSelecto
r.jsx:92:25)
[90m    at 
processTicksAndRejections 
(node:internal/process/tas
k_queues:103:5)[39m
An update to 
RecipientSelector inside 
a test was not wrapped in 
act(...).

When testing, code that 
causes React state 
updates should be wrapped 
into act(...):

act(() => {
  /* fire events that 
update state */
});
/* assert on the output */

This ensures that you're 
testing the behavior the 
user would see in the 
browser. Learn more at htt
ps://react.dev/link/wrap-t
ests-with-act

[90mstderr[2m | src/comp
onents/RecipientSelector.t
est.jsx[2m > [22m[2mRec
ipientSelector[2m > 
[22m[2minicia no modo 
manual
[22m[39mErro ao 
carregar filtros de 
leads: TypeError: Cannot 
read properties of 
undefined (reading 'ok')
    at loadFilters (C:/Use
rs/aryar/.gemini/antigravi
ty/scratch/Projetos 
Serios/Projeto - ZapVoice 
no Chatwoot/frontend/src/c
omponents/RecipientSelecto
r.jsx:92:25)
[90m    at 
processTicksAndRejections 
(node:internal/process/tas
k_queues:103:5)[39m
An update to 
RecipientSelector inside 
a test was not wrapped in 
act(...).

When testing, code that 
causes React state 
updates should be wrapped 
into act(...):

act(() => {
  /* fire events that 
update state */
});
/* assert on the output */

This ensures that you're 
testing the behavior the 
user would see in the 
browser. Learn more at htt
ps://react.dev/link/wrap-t
ests-with-act
Erro ao carregar filtros 
de leads: TypeError: 
Cannot read properties of 
undefined (reading 'ok')
    at loadFilters (C:/Use
rs/aryar/.gemini/antigravi
ty/scratch/Projetos 
Serios/Projeto - ZapVoice 
no Chatwoot/frontend/src/c
omponents/RecipientSelecto
r.jsx:92:25)
[90m    at 
processTicksAndRejections 
(node:internal/process/tas
k_queues:103:5)[39m
An update to 
RecipientSelector inside 
a test was not wrapped in 
act(...).

When testing, code that 
causes React state 
updates should be wrapped 
into act(...):

act(() => {
  /* fire events that 
update state */
});
/* assert on the output */

This ensures that you're 
testing the behavior the 
user would see in the 
browser. Learn more at htt
ps://react.dev/link/wrap-t
ests-with-act

[90mstderr[2m | src/comp
onents/RecipientSelector.t
est.jsx[2m > [22m[2mRec
ipientSelector[2m > 
[22m[2mchama onSelect 
com lista vazia ao iniciar
[22m[39mErro ao 
carregar filtros de 
leads: TypeError: Cannot 
read properties of 
undefined (reading 'ok')
    at loadFilters (C:/Use
rs/aryar/.gemini/antigravi
ty/scratch/Projetos 
Serios/Projeto - ZapVoice 
no Chatwoot/frontend/src/c
omponents/RecipientSelecto
r.jsx:92:25)
[90m    at 
processTicksAndRejections 
(node:internal/process/tas
k_queues:103:5)[39m
An update to 
RecipientSelector inside 
a test was not wrapped in 
act(...).

When testing, code that 
causes React state 
updates should be wrapped 
into act(...):

act(() => {
  /* fire events that 
update state */
});
/* assert on the output */

This ensures that you're 
testing the behavior the 
user would see in the 
browser. Learn more at htt
ps://react.dev/link/wrap-t
ests-with-act
Erro ao carregar filtros 
de leads: TypeError: 
Cannot read properties of 
undefined (reading 'ok')
    at loadFilters (C:/Use
rs/aryar/.gemini/antigravi
ty/scratch/Projetos 
Serios/Projeto - ZapVoice 
no Chatwoot/frontend/src/c
omponents/RecipientSelecto
r.jsx:92:25)
[90m    at 
processTicksAndRejections 
(node:internal/process/tas
k_queues:103:5)[39m
An update to 
RecipientSelector inside 
a test was not wrapped in 
act(...).

When testing, code that 
causes React state 
updates should be wrapped 
into act(...):

act(() => {
  /* fire events that 
update state */
});
/* assert on the output */

This ensures that you're 
testing the behavior the 
user would see in the 
browser. Learn more at htt
ps://react.dev/link/wrap-t
ests-with-act

[90mstderr[2m | src/comp
onents/RecipientSelector.t
est.jsx[2m > [22m[2mRec
ipientSelector[2m > 
[22m[2mmuda para modo 
upload ao clicar no bot├úo
[22m[39mErro ao 
carregar filtros de 
leads: TypeError: Cannot 
read properties of 
undefined (reading 'ok')
    at loadFilters (C:/Use
rs/aryar/.gemini/antigravi
ty/scratch/Projetos 
Serios/Projeto - ZapVoice 
no Chatwoot/frontend/src/c
omponents/RecipientSelecto
r.jsx:92:25)
[90m    at 
processTicksAndRejections 
(node:internal/process/tas
k_queues:103:5)[39m
An update to 
RecipientSelector inside 
a test was not wrapped in 
act(...).

When testing, code that 
causes React state 
updates should be wrapped 
into act(...):

act(() => {
  /* fire events that 
update state */
});
/* assert on the output */

This ensures that you're 
testing the behavior the 
user would see in the 
browser. Learn more at htt
ps://react.dev/link/wrap-t
ests-with-act
Erro ao carregar filtros 
de leads: TypeError: 
Cannot read properties of 
undefined (reading 'ok')
    at loadFilters (C:/Use
rs/aryar/.gemini/antigravi
ty/scratch/Projetos 
Serios/Projeto - ZapVoice 
no Chatwoot/frontend/src/c
omponents/RecipientSelecto
r.jsx:92:25)
[90m    at 
processTicksAndRejections 
(node:internal/process/tas
k_queues:103:5)[39m
An update to 
RecipientSelector inside 
a test was not wrapped in 
act(...).

When testing, code that 
causes React state 
updates should be wrapped 
into act(...):

act(() => {
  /* fire events that 
update state */
});
/* assert on the output */

This ensures that you're 
testing the behavior the 
user would see in the 
browser. Learn more at htt
ps://react.dev/link/wrap-t
ests-with-act

[90mstderr[2m | src/comp
onents/RecipientSelector.t
est.jsx[2m > [22m[2mRec
ipientSelector[2m > 
[22m[2maceita entrada 
manual de telefones
[22m[39mErro ao 
carregar filtros de 
leads: TypeError: Cannot 
read properties of 
undefined (reading 'ok')
    at loadFilters (C:/Use
rs/aryar/.gemini/antigravi
ty/scratch/Projetos 
Serios/Projeto - ZapVoice 
no Chatwoot/frontend/src/c
omponents/RecipientSelecto
r.jsx:92:25)
[90m    at 
processTicksAndRejections 
(node:internal/process/tas
k_queues:103:5)[39m
An update to 
RecipientSelector inside 
a test was not wrapped in 
act(...).

When testing, code that 
causes React state 
updates should be wrapped 
into act(...):

act(() => {
  /* fire events that 
update state */
});
/* assert on the output */

This ensures that you're 
testing the behavior the 
user would see in the 
browser. Learn more at htt
ps://react.dev/link/wrap-t
ests-with-act
Erro ao carregar filtros 
de leads: TypeError: 
Cannot read properties of 
undefined (reading 'ok')
    at loadFilters (C:/Use
rs/aryar/.gemini/antigravi
ty/scratch/Projetos 
Serios/Projeto - ZapVoice 
no Chatwoot/frontend/src/c
omponents/RecipientSelecto
r.jsx:92:25)
[90m    at 
processTicksAndRejections 
(node:internal/process/tas
k_queues:103:5)[39m
An update to 
RecipientSelector inside 
a test was not wrapped in 
act(...).

When testing, code that 
causes React state 
updates should be wrapped 
into act(...):

act(() => {
  /* fire events that 
update state */
});
/* assert on the output */

This ensures that you're 
testing the behavior the 
user would see in the 
browser. Learn more at htt
ps://react.dev/link/wrap-t
ests-with-act
Erro ao carregar filtros 
de leads: TypeError: 
Cannot read properties of 
undefined (reading 'ok')
    at loadFilters (C:/Use
rs/aryar/.gemini/antigravi
ty/scratch/Projetos 
Serios/Projeto - ZapVoice 
no Chatwoot/frontend/src/c
omponents/RecipientSelecto
r.jsx:92:25)
[90m    at 
processTicksAndRejections 
(node:internal/process/tas
k_queues:103:5)[39m
An update to 
RecipientSelector inside 
a test was not wrapped in 
act(...).

When testing, code that 
causes React state 
updates should be wrapped 
into act(...):

act(() => {
  /* fire events that 
update state */
});
/* assert on the output */

This ensures that you're 
testing the behavior the 
user would see in the 
browser. Learn more at htt
ps://react.dev/link/wrap-t
ests-with-act

[90mstderr[2m | src/comp
onents/RecipientSelector.t
est.jsx[2m > [22m[2mRec
ipientSelector[2m > 
[22m[2mrespects 
requireOpenWindow prop 
setting filterOpenOnly
[22m[39mErro ao 
carregar filtros de 
leads: TypeError: Cannot 
read properties of 
undefined (reading 'ok')
    at loadFilters (C:/Use
rs/aryar/.gemini/antigravi
ty/scratch/Projetos 
Serios/Projeto - ZapVoice 
no Chatwoot/frontend/src/c
omponents/RecipientSelecto
r.jsx:92:25)
[90m    at 
processTicksAndRejections 
(node:internal/process/tas
k_queues:103:5)[39m
An update to 
RecipientSelector inside 
a test was not wrapped in 
act(...).

When testing, code that 
causes React state 
updates should be wrapped 
into act(...):

act(() => {
  /* fire events that 
update state */
});
/* assert on the output */

This ensures that you're 
testing the behavior the 
user would see in the 
browser. Learn more at htt
ps://react.dev/link/wrap-t
ests-with-act
Erro ao carregar filtros 
de leads: TypeError: 
Cannot read properties of 
undefined (reading 'ok')
    at loadFilters (C:/Use
rs/aryar/.gemini/antigravi
ty/scratch/Projetos 
Serios/Projeto - ZapVoice 
no Chatwoot/frontend/src/c
omponents/RecipientSelecto
r.jsx:92:25)
[90m    at 
processTicksAndRejections 
(node:internal/process/tas
k_queues:103:5)[39m
An update to 
RecipientSelector inside 
a test was not wrapped in 
act(...).

When testing, code that 
causes React state 
updates should be wrapped 
into act(...):

act(() => {
  /* fire events that 
update state */
});
/* assert on the output */

This ensures that you're 
testing the behavior the 
user would see in the 
browser. Learn more at htt
ps://react.dev/link/wrap-t
ests-with-act
Erro ao carregar filtros 
de leads: TypeError: 
Cannot read properties of 
undefined (reading 'ok')
    at loadFilters (C:/Use
rs/aryar/.gemini/antigravi
ty/scratch/Projetos 
Serios/Projeto - ZapVoice 
no Chatwoot/frontend/src/c
omponents/RecipientSelecto
r.jsx:92:25)
[90m    at 
processTicksAndRejections 
(node:internal/process/tas
k_queues:103:5)[39m
An update to 
RecipientSelector inside 
a test was not wrapped in 
act(...).

When testing, code that 
causes React state 
updates should be wrapped 
into act(...):

act(() => {
  /* fire events that 
update state */
});
/* assert on the output */

This ensures that you're 
testing the behavior the 
user would see in the 
browser. Learn more at htt
ps://react.dev/link/wrap-t
ests-with-act
Erro ao carregar filtros 
de leads: TypeError: 
Cannot read properties of 
undefined (reading 'ok')
    at loadFilters (C:/Use
rs/aryar/.gemini/antigravi
ty/scratch/Projetos 
Serios/Projeto - ZapVoice 
no Chatwoot/frontend/src/c
omponents/RecipientSelecto
r.jsx:92:25)
[90m    at 
processTicksAndRejections 
(node:internal/process/tas
k_queues:103:5)[39m
An update to 
RecipientSelector inside 
a test was not wrapped in 
act(...).

When testing, code that 
causes React state 
updates should be wrapped 
into act(...):

act(() => {
  /* fire events that 
update state */
});
/* assert on the output */

This ensures that you're 
testing the behavior the 
user would see in the 
browser. Learn more at htt
ps://react.dev/link/wrap-t
ests-with-act

[90mstderr[2m | src/comp
onents/RecipientSelector.t
est.jsx[2m > [22m[2mRec
ipientSelector[2m > 
[22m[2mrespects 
requireOpenWindow prop 
setting filterOpenOnly
[22m[39mErro ao 
carregar filtros de 
leads: TypeError: Cannot 
read properties of 
undefined (reading 'ok')
    at loadFilters (C:/Use
rs/aryar/.gemini/antigravi
ty/scratch/Projetos 
Serios/Projeto - ZapVoice 
no Chatwoot/frontend/src/c
omponents/RecipientSelecto
r.jsx:92:25)
[90m    at 
processTicksAndRejections 
(node:internal/process/tas
k_queues:103:5)[39m
Erro ao carregar filtros 
de leads: TypeError: 
Cannot read properties of 
undefined (reading 'ok')
    at loadFilters (C:/Use
rs/aryar/.gemini/antigravi
ty/scratch/Projetos 
Serios/Projeto - ZapVoice 
no Chatwoot/frontend/src/c
omponents/RecipientSelecto
r.jsx:92:25)
[90m    at 
processTicksAndRejections 
(node:internal/process/tas
k_queues:103:5)[39m

[90mstderr[2m | src/comp
onents/RecipientSelector.t
est.jsx[2m > [22m[2mRec
ipientSelector[2m > 
[22m[2mexibe vari├íveis 
de template na aba de 
etiquetas
[22m[39mErro ao 
carregar filtros de 
leads: TypeError: Cannot 
read properties of 
undefined (reading 'ok')
    at loadFilters (C:/Use
rs/aryar/.gemini/antigravi
ty/scratch/Projetos 
Serios/Projeto - ZapVoice 
no Chatwoot/frontend/src/c
omponents/RecipientSelecto
r.jsx:92:25)
[90m    at 
processTicksAndRejections 
(node:internal/process/tas
k_queues:103:5)[39m
An update to 
RecipientSelector inside 
a test was not wrapped in 
act(...).

When testing, code that 
causes React state 
updates should be wrapped 
into act(...):

act(() => {
  /* fire events that 
update state */
});
/* assert on the output */

This ensures that you're 
testing the behavior the 
user would see in the 
browser. Learn more at htt
ps://react.dev/link/wrap-t
ests-with-act
Erro ao carregar filtros 
de leads: TypeError: 
Cannot read properties of 
undefined (reading 'ok')
    at loadFilters (C:/Use
rs/aryar/.gemini/antigravi
ty/scratch/Projetos 
Serios/Projeto - ZapVoice 
no Chatwoot/frontend/src/c
omponents/RecipientSelecto
r.jsx:92:25)
[90m    at 
processTicksAndRejections 
(node:internal/process/tas
k_queues:103:5)[39m
An update to 
RecipientSelector inside 
a test was not wrapped in 
act(...).

When testing, code that 
causes React state 
updates should be wrapped 
into act(...):

act(() => {
  /* fire events that 
update state */
});
/* assert on the output */

This ensures that you're 
testing the behavior the 
user would see in the 
browser. Learn more at htt
ps://react.dev/link/wrap-t
ests-with-act
Erro ao carregar filtros 
de leads: TypeError: 
Cannot read properties of 
undefined (reading 'ok')
    at loadFilters (C:/Use
rs/aryar/.gemini/antigravi
ty/scratch/Projetos 
Serios/Projeto - ZapVoice 
no Chatwoot/frontend/src/c
omponents/RecipientSelecto
r.jsx:92:25)
[90m    at 
processTicksAndRejections 
(node:internal/process/tas
k_queues:103:5)[39m
An update to 
RecipientSelector inside 
a test was not wrapped in 
act(...).

When testing, code that 
causes React state 
updates should be wrapped 
into act(...):

act(() => {
  /* fire events that 
update state */
});
/* assert on the output */

This ensures that you're 
testing the behavior the 
user would see in the 
browser. Learn more at htt
ps://react.dev/link/wrap-t
ests-with-act

[90mstderr[2m | src/comp
onents/RecipientSelector.t
est.jsx[2m > [22m[2mRec
ipientSelector[2m > 
[22m[2mabre o menu 
m├ígico e seleciona uma 
op├º├úo
[22m[39mErro ao 
carregar filtros de 
leads: TypeError: Cannot 
read properties of 
undefined (reading 'ok')
    at loadFilters (C:/Use
rs/aryar/.gemini/antigravi
ty/scratch/Projetos 
Serios/Projeto - ZapVoice 
no Chatwoot/frontend/src/c
omponents/RecipientSelecto
r.jsx:92:25)
[90m    at 
processTicksAndRejections 
(node:internal/process/tas
k_queues:103:5)[39m
An update to 
RecipientSelector inside 
a test was not wrapped in 
act(...).

When testing, code that 
causes React state 
updates should be wrapped 
into act(...):

act(() => {
  /* fire events that 
update state */
});
/* assert on the output */

This ensures that you're 
testing the behavior the 
user would see in the 
browser. Learn more at htt
ps://react.dev/link/wrap-t
ests-with-act
Erro ao carregar filtros 
de leads: TypeError: 
Cannot read properties of 
undefined (reading 'ok')
    at loadFilters (C:/Use
rs/aryar/.gemini/antigravi
ty/scratch/Projetos 
Serios/Projeto - ZapVoice 
no Chatwoot/frontend/src/c
omponents/RecipientSelecto
r.jsx:92:25)
[90m    at 
processTicksAndRejections 
(node:internal/process/tas
k_queues:103:5)[39m
An update to 
RecipientSelector inside 
a test was not wrapped in 
act(...).

When testing, code that 
causes React state 
updates should be wrapped 
into act(...):

act(() => {
  /* fire events that 
update state */
});
/* assert on the output */

This ensures that you're 
testing the behavior the 
user would see in the 
browser. Learn more at htt
ps://react.dev/link/wrap-t
ests-with-act
Erro ao carregar filtros 
de leads: TypeError: 
Cannot read properties of 
undefined (reading 'ok')
    at loadFilters (C:/Use
rs/aryar/.gemini/antigravi
ty/scratch/Projetos 
Serios/Projeto - ZapVoice 
no Chatwoot/frontend/src/c
omponents/RecipientSelecto
r.jsx:92:25)
[90m    at 
processTicksAndRejections 
(node:internal/process/tas
k_queues:103:5)[39m
An update to 
RecipientSelector inside 
a test was not wrapped in 
act(...).

When testing, code that 
causes React state 
updates should be wrapped 
into act(...):

act(() => {
  /* fire events that 
update state */
});
/* assert on the output */

This ensures that you're 
testing the behavior the 
user would see in the 
browser. Learn more at htt
ps://react.dev/link/wrap-t
ests-with-act
Erro ao carregar filtros 
de leads: TypeError: 
Cannot read properties of 
undefined (reading 'ok')
    at loadFilters (C:/Use
rs/aryar/.gemini/antigravi
ty/scratch/Projetos 
Serios/Projeto - ZapVoice 
no Chatwoot/frontend/src/c
omponents/RecipientSelecto
r.jsx:92:25)
[90m    at 
processTicksAndRejections 
(node:internal/process/tas
k_queues:103:5)[39m
An update to 
RecipientSelector inside 
a test was not wrapped in 
act(...).

When testing, code that 
causes React state 
updates should be wrapped 
into act(...):

act(() => {
  /* fire events that 
update state */
});
/* assert on the output */

This ensures that you're 
testing the behavior the 
user would see in the 
browser. Learn more at htt
ps://react.dev/link/wrap-t
ests-with-act
Erro ao carregar filtros 
de leads: TypeError: 
Cannot read properties of 
undefined (reading 'ok')
    at loadFilters (C:/Use
rs/aryar/.gemini/antigravi
ty/scratch/Projetos 
Serios/Projeto - ZapVoice 
no Chatwoot/frontend/src/c
omponents/RecipientSelecto
r.jsx:92:25)
[90m    at 
processTicksAndRejections 
(node:internal/process/tas
k_queues:103:5)[39m
An update to 
RecipientSelector inside 
a test was not wrapped in 
act(...).

When testing, code that 
causes React state 
updates should be wrapped 
into act(...):

act(() => {
  /* fire events that 
update state */
});
/* assert on the output */

This ensures that you're 
testing the behavior the 
user would see in the 
browser. Learn more at htt
ps://react.dev/link/wrap-t
ests-with-act

 [31mÔØ»[39m src/components/RecipientSelector.test.jsx [2m([22m[2m10 tests[22m[2m | [22m[31m5 failed[39m[2m)[22m[32m 211[2mms[22m[39m
[31m     [31m├ù[31m renderiza o t├¡tulo corretamente[39m[32m 32[2mms[22m[39m
[31m     [31m├ù[31m renderiza bot├Áes de modo manual e upload[39m[32m 6[2mms[22m[39m
     [32mÔ£ô[39m inicia no modo manual[32m 89[2mms[22m[39m
[31m     [31m├ù[31m chama onSelect com lista vazia ao iniciar[39m[32m 7[2mms[22m[39m
[31m     [31m├ù[31m muda para modo upload ao clicar no bot├úo[39m[32m 5[2mms[22m[39m
     [32mÔ£ô[39m aceita entrada manual de telefones[32m 27[2mms[22m[39m
     [32mÔ£ô[39m respects requireOpenWindow prop setting filterOpenOnly[32m 9[2mms[22m[39m
     [32mÔ£ô[39m exibe vari├íveis de template na aba de etiquetas[32m 14[2mms[22m[39m
     [32mÔ£ô[39m abre o menu m├ígico e seleciona uma op├º├úo[32m 19[2mms[22m[39m
[31m     [31m├ù[31m carrega leads da etiqueta e aplica vari├íveis[39m[32m 1[2mms[22m[39m

[31mÔÄ»ÔÄ»ÔÄ»ÔÄ»ÔÄ»ÔÄ»ÔÄ»
[39m[1m[41m Failed 
Tests 5 [49m[22m[31mÔÄ»
ÔÄ»ÔÄ»ÔÄ»ÔÄ»ÔÄ»ÔÄ»[39m

[41m[1m FAIL [22m[49m 
src/components/RecipientSe
lector.test.jsx[2m > [22
mRecipientSelector[2m > 
[22mrenderiza o t├¡tulo 
corretamente
[31m[1mTestingLibraryEle
mentError[22m[39m: 
Unable to find an element 
with the text: Meus 
Destinat├írios. This 
could be because the text 
is broken up by multiple 
elements. In this case, 
you can provide a 
function for your text 
matcher to make your 
matcher more flexible.

Ignored nodes: comments, 
script, style
[36m<body>[39m
  [36m<div>[39m
    [36m<div[39m
      [33mclass[39m=[32
m"space-y-6"[39m
    [36m>[39m
      [36m<div[39m
        [33mclass[39m=[
32m"bg-slate-900/40 
backdrop-blur-sm p-1 
rounded-3xl border 
border-white/5 p-8 
relative overflow-hidden 
group"[39m
      [36m>[39m
        [36m<div[39m
          [33mclass[39m=
[32m"absolute top-0 
left-0 w-full h-1 
bg-gradient-to-r 
from-transparent 
via-emerald-500/50 
to-transparent 
opacity-50"[39m
        [36m/>[39m
        [36m<div[39m
          [33mclass[39m=
[32m"flex justify-center 
mb-8"[39m
        [36m>[39m
          [36m<div[39m
            [33mclass[39
m=[32m"bg-black/40 p-1.5 
rounded-2xl inline-flex 
relative w-full max-w-md 
border border-white/5 
shadow-inner"[39m
          [36m>[39m
            
[36m<button[39m
              [33mclass[
39m=[32m"flex-1 flex 
items-center 
justify-center gap-2 py-3 
rounded-xl text-xs 
font-black uppercase 
tracking-widest 
transition-all 
duration-300 relative 
z-10 text-white shadow-lg 
shadow-emerald-900/20 
bg-slate-800 border 
border-white/5"[39m
            [36m>[39m
              
[36m<svg[39m
                [33mfill
[39m=[32m"none"[39m
                [33mheigh
t[39m=[32m"16"[39m
                [33mstrok
e[39m=[32m"currentColor"
[39m
                [33mstrok
e-width[39m=[32m"2.5"[3
9m
                
[33mviewBox[39m=[32m"0 
0 24 24"[39m
                [33mwidth
[39m=[32m"16"[39m
              [36m>[39m
                
[36m<path[39m
                  
[33md[39m=[32m"M11 
4H4a2 2 0 0 0-2 2v14a2 2 
0 0 0 2 2h14a2 2 0 0 0 
2-2v-7"[39m
                
[36m/>[39m
                
[36m<path[39m
                  
[33md[39m=[32m"M18.5 
2.5a2.121 2.121 0 0 1 3 
3L12 15l-4 1 1-4 
9.5-9.5z"[39m
                
[36m/>[39m
              
[36m</svg>[39m
              
[0mManual[0m
            
[36m</button>[39m
            
[36m<button[39m
              [33mclass[
39m=[32m"flex-1 flex 
items-center 
justify-center gap-2 py-3 
rounded-xl text-xs 
font-black uppercase 
tracking-widest 
transition-all 
duration-300 relative 
z-10 text-slate-500 
hover:text-slate-300"[39m
            [36m>[39m
              
[36m<svg[39m
                [33mfill
[39m=[32m"none"[39m
                [33mheigh
t[39m=[32m"16"[39m
                [33mstrok
e[39m=[32m"currentColor"
[39m
                [33mstrok
e-width[39m=[32m"2.5"[3
9m
                
[33mviewBox[39m=[32m"0 
0 24 24"[39m
                [33mwidth
[39m=[32m"16"[39m
              [36m>[39m
                
[36m<path[39m
                  
[33md[39m=[32m"M21 
15v4a2 2 0 0 1-2 2H5a2 2 
0 0 1-2-2v-4"[39m
                
[36m/>[39m
                
[36m<polyline[39m
                  
[33mpoints[39m=[32m"17 
8 12 3 7 8"[39m
                
[36m/>[39m
                
[36m<line[39m
                  [33mx1
[39m=[32m"12"[39m
                  [33mx2
[39m=[32m"12"[39m
                  
[33my1[39m=[32m"3"[39m
                  [33my2
[39m=[32m"15"[39m
                
[36m/>[39m
              
[36m</svg>[39m
              
[0mArquivo[0m
            
[36m</button>[39m
            
[36m<button[39m
              [33mclass[
39m=[32m"flex-1 flex 
items-center 
justify-center gap-2 py-3 
rounded-xl text-xs 
font-black uppercase 
tracking-widest 
transition-all 
duration-300 relative 
z-10 text-slate-500 
hover:text-slate-300"[39m
            [36m>[39m
              
[36m<svg[39m
                [33mfill
[39m=[32m"none"[39m
                [33mheigh
t[39m=[32m"16"[39m
                [33mstrok
e[39m=[32m"currentColor"
[39m
                [33mstrok
e-width[39m=[32m"2.5"[3
9m
                
[33mviewBox[39m=[32m"0 
0 24 24"[39m
                [33mwidth
[39m=[32m"16"[39m
              [36m>[39m
                
[36m<path[39m
                  
[33md[39m=[32m"M20.59 
13.41l-7.17 7.17a2 2 0 0 
1-2.83 0L2 12V2h10l8.59 
8.59a2 2 0 0 1 0 
2.82z"[39m
                
[36m/>[39m
                
[36m<line[39m
                  
[33mx1[39m=[32m"7"[39m
                  [33mx2
[39m=[32m"7.01"[39m
                  
[33my1[39m=[32m"7"[39m
                  
[33my2[39m=[32m"7"[39m
                
[36m/>[39m
              
[36m</svg>[39m
              
[0mEtiquetas[0m
            
[36m</button>[39m
          [36m</div>[39m
        [36m</div>[39m
        [36m<div[39m
          [33mclass[39m=
[32m"space-y-5 
animate-in fade-in 
slide-in-from-bottom-2 
duration-300"[39m
        [36m>[39m
          [36m<div[39m
            [33mclass[39
m=[32m"relative 
group/input"[39m
          [36m>[39m
            [36m<div[39m
              [33mclass[
39m=[32m"absolute 
-inset-0.5 
bg-gradient-to-r 
from-emerald-500/20 
to-teal-500/20 
rounded-2xl blur 
opacity-0 group-hover/inpu
t:opacity-100 transition 
duration-500"[39m
            [36m/>[39m
            
[36m<textarea[39m
              [33mclass[
39m=[32m"relative w-full 
p-6 bg-black/40 border 
border-white/10 
rounded-2xl focus:border-e
merald-500/50 
focus:ring-1 
focus:ring-emerald-500/20 
outline-none 
text-slate-200 text-sm 
min-h-[160px] placeholder:
text-slate-600 font-mono 
transition-all 
resize-none 
shadow-inner"[39m
              [33mplaceho
lder[39m=[32m"Cole sua 
lista aqui...
5511999999999
5511888888888"[39m
            [36m/>[39m
            [36m<div[39m
              [33mclass[
39m=[32m"absolute 
bottom-4 right-4 
text-[10px] uppercase 
font-black text-slate-600 
tracking-widest 
pointer-events-none"[39m
            [36m>[39m
              [0mUm por 
linha[0m
            
[36m</div>[39m
          [36m</div>[39m
          [36m<div[39m
            [33mclass[39
m=[32m"flex gap-4"[39m
          [36m>[39m
            
[36m<button[39m
              [33mclass[
39m=[32m"flex-1 py-4 
bg-gradient-to-r 
from-emerald-600 
to-teal-600 
hover:from-emerald-500 
hover:to-teal-500 
text-white rounded-xl 
font-black text-xs 
uppercase 
tracking-[0.2em] 
transition-all shadow-lg 
shadow-emerald-900/40 hove
r:shadow-emerald-900/60 
active:scale-[0.98] 
disabled:opacity-50 disabl
ed:cursor-not-allowed grou
p-hover/input:shadow-emera
ld-500/10"[39m
              [33mdisable
d[39m=[32m""[39m
            [36m>[39m
              
[0mProcessar Lista[0m
            
[36m</button>[39m
          [36m</div>[39m
        [36m</div>[39m
      [36m</div>[39m
    [36m</div>[39m
  [36m</div>[39m
[36m</body>[39m
[90m [2mÔØ»[22m 
Object.getElementError nod
e_modules/@testing-library
/dom/dist/config.js:[2m37
:19[22m[39m
[90m [2mÔØ»[22m node_mo
dules/@testing-library/dom
/dist/query-helpers.js:[2
m76:38[22m[39m
[90m [2mÔØ»[22m node_mo
dules/@testing-library/dom
/dist/query-helpers.js:[2
m52:17[22m[39m
[90m [2mÔØ»[22m node_mo
dules/@testing-library/dom
/dist/query-helpers.js:[2
m95:19[22m[39m
[36m [2mÔØ»[22m src/com
ponents/RecipientSelector.
test.jsx:[2m47:19[22m[3
9m
    [90m 45|[39m   [34m
it[39m([32m'renderiza o 
t├¡tulo corretamente'[39m
[33m,[39m () 
[33m=>[39m {
    [90m 46|[39m     
render(<RecipientSelector 
{...defaultProps} 
title="Meus Destinat├írÔÇª
    [90m 47|[39m     [3
4mexpect[39m(screen[33m.
[39m[34mgetByText[39m(
[32m'Meus Destinat├írios'
[39m))[33m.[39m[34mtoBe
InTheDocument[39m()[33m;
[39m
    [90m   |[39m        
           [31m^[39m
    [90m 48|[39m   
})[33m;[39m
    [90m 49|[39m

[31m[2mÔÄ»ÔÄ»ÔÄ»ÔÄ»ÔÄ»ÔÄ
»ÔÄ»ÔÄ»ÔÄ»ÔÄ»ÔÄ»ÔÄ»ÔÄ»ÔÄ»Ô
Ä»ÔÄ»ÔÄ»ÔÄ»ÔÄ»ÔÄ»ÔÄ»ÔÄ»ÔÄ»
ÔÄ»[1/5]ÔÄ»[22m[39m

[41m[1m FAIL [22m[49m 
src/components/RecipientSe
lector.test.jsx[2m > [22
mRecipientSelector[2m > 
[22mrenderiza bot├Áes de 
modo manual e upload
[31m[1mTestingLibraryEle
mentError[22m[39m: 
Unable to find an element 
with the text: /upload/i. 
This could be because the 
text is broken up by 
multiple elements. In 
this case, you can 
provide a function for 
your text matcher to make 
your matcher more 
flexible.

Ignored nodes: comments, 
script, style
[36m<body>[39m
  [36m<div>[39m
    [36m<div[39m
      [33mclass[39m=[32
m"space-y-6"[39m
    [36m>[39m
      [36m<div[39m
        [33mclass[39m=[
32m"bg-slate-900/40 
backdrop-blur-sm p-1 
rounded-3xl border 
border-white/5 p-8 
relative overflow-hidden 
group"[39m
      [36m>[39m
        [36m<div[39m
          [33mclass[39m=
[32m"absolute top-0 
left-0 w-full h-1 
bg-gradient-to-r 
from-transparent 
via-emerald-500/50 
to-transparent 
opacity-50"[39m
        [36m/>[39m
        [36m<div[39m
          [33mclass[39m=
[32m"flex justify-center 
mb-8"[39m
        [36m>[39m
          [36m<div[39m
            [33mclass[39
m=[32m"bg-black/40 p-1.5 
rounded-2xl inline-flex 
relative w-full max-w-md 
border border-white/5 
shadow-inner"[39m
          [36m>[39m
            
[36m<button[39m
              [33mclass[
39m=[32m"flex-1 flex 
items-center 
justify-center gap-2 py-3 
rounded-xl text-xs 
font-black uppercase 
tracking-widest 
transition-all 
duration-300 relative 
z-10 text-white shadow-lg 
shadow-emerald-900/20 
bg-slate-800 border 
border-white/5"[39m
            [36m>[39m
              
[36m<svg[39m
                [33mfill
[39m=[32m"none"[39m
                [33mheigh
t[39m=[32m"16"[39m
                [33mstrok
e[39m=[32m"currentColor"
[39m
                [33mstrok
e-width[39m=[32m"2.5"[3
9m
                
[33mviewBox[39m=[32m"0 
0 24 24"[39m
                [33mwidth
[39m=[32m"16"[39m
              [36m>[39m
                
[36m<path[39m
                  
[33md[39m=[32m"M11 
4H4a2 2 0 0 0-2 2v14a2 2 
0 0 0 2 2h14a2 2 0 0 0 
2-2v-7"[39m
                
[36m/>[39m
                
[36m<path[39m
                  
[33md[39m=[32m"M18.5 
2.5a2.121 2.121 0 0 1 3 
3L12 15l-4 1 1-4 
9.5-9.5z"[39m
                
[36m/>[39m
              
[36m</svg>[39m
              
[0mManual[0m
            
[36m</button>[39m
            
[36m<button[39m
              [33mclass[
39m=[32m"flex-1 flex 
items-center 
justify-center gap-2 py-3 
rounded-xl text-xs 
font-black uppercase 
tracking-widest 
transition-all 
duration-300 relative 
z-10 text-slate-500 
hover:text-slate-300"[39m
            [36m>[39m
              
[36m<svg[39m
                [33mfill
[39m=[32m"none"[39m
                [33mheigh
t[39m=[32m"16"[39m
                [33mstrok
e[39m=[32m"currentColor"
[39m
                [33mstrok
e-width[39m=[32m"2.5"[3
9m
                
[33mviewBox[39m=[32m"0 
0 24 24"[39m
                [33mwidth
[39m=[32m"16"[39m
              [36m>[39m
                
[36m<path[39m
                  
[33md[39m=[32m"M21 
15v4a2 2 0 0 1-2 2H5a2 2 
0 0 1-2-2v-4"[39m
                
[36m/>[39m
                
[36m<polyline[39m
                  
[33mpoints[39m=[32m"17 
8 12 3 7 8"[39m
                
[36m/>[39m
                
[36m<line[39m
                  [33mx1
[39m=[32m"12"[39m
                  [33mx2
[39m=[32m"12"[39m
                  
[33my1[39m=[32m"3"[39m
                  [33my2
[39m=[32m"15"[39m
                
[36m/>[39m
              
[36m</svg>[39m
              
[0mArquivo[0m
            
[36m</button>[39m
            
[36m<button[39m
              [33mclass[
39m=[32m"flex-1 flex 
items-center 
justify-center gap-2 py-3 
rounded-xl text-xs 
font-black uppercase 
tracking-widest 
transition-all 
duration-300 relative 
z-10 text-slate-500 
hover:text-slate-300"[39m
            [36m>[39m
              
[36m<svg[39m
                [33mfill
[39m=[32m"none"[39m
                [33mheigh
t[39m=[32m"16"[39m
                [33mstrok
e[39m=[32m"currentColor"
[39m
                [33mstrok
e-width[39m=[32m"2.5"[3
9m
                
[33mviewBox[39m=[32m"0 
0 24 24"[39m
                [33mwidth
[39m=[32m"16"[39m
              [36m>[39m
                
[36m<path[39m
                  
[33md[39m=[32m"M20.59 
13.41l-7.17 7.17a2 2 0 0 
1-2.83 0L2 12V2h10l8.59 
8.59a2 2 0 0 1 0 
2.82z"[39m
                
[36m/>[39m
                
[36m<line[39m
                  
[33mx1[39m=[32m"7"[39m
                  [33mx2
[39m=[32m"7.01"[39m
                  
[33my1[39m=[32m"7"[39m
                  
[33my2[39m=[32m"7"[39m
                
[36m/>[39m
              
[36m</svg>[39m
              
[0mEtiquetas[0m
            
[36m</button>[39m
          [36m</div>[39m
        [36m</div>[39m
        [36m<div[39m
          [33mclass[39m=
[32m"space-y-5 
animate-in fade-in 
slide-in-from-bottom-2 
duration-300"[39m
        [36m>[39m
          [36m<div[39m
            [33mclass[39
m=[32m"relative 
group/input"[39m
          [36m>[39m
            [36m<div[39m
              [33mclass[
39m=[32m"absolute 
-inset-0.5 
bg-gradient-to-r 
from-emerald-500/20 
to-teal-500/20 
rounded-2xl blur 
opacity-0 group-hover/inpu
t:opacity-100 transition 
duration-500"[39m
            [36m/>[39m
            
[36m<textarea[39m
              [33mclass[
39m=[32m"relative w-full 
p-6 bg-black/40 border 
border-white/10 
rounded-2xl focus:border-e
merald-500/50 
focus:ring-1 
focus:ring-emerald-500/20 
outline-none 
text-slate-200 text-sm 
min-h-[160px] placeholder:
text-slate-600 font-mono 
transition-all 
resize-none 
shadow-inner"[39m
              [33mplaceho
lder[39m=[32m"Cole sua 
lista aqui...
5511999999999
5511888888888"[39m
            [36m/>[39m
            [36m<div[39m
              [33mclass[
39m=[32m"absolute 
bottom-4 right-4 
text-[10px] uppercase 
font-black text-slate-600 
tracking-widest 
pointer-events-none"[39m
            [36m>[39m
              [0mUm por 
linha[0m
            
[36m</div>[39m
          [36m</div>[39m
          [36m<div[39m
            [33mclass[39
m=[32m"flex gap-4"[39m
          [36m>[39m
            
[36m<button[39m
              [33mclass[
39m=[32m"flex-1 py-4 
bg-gradient-to-r 
from-emerald-600 
to-teal-600 
hover:from-emerald-500 
hover:to-teal-500 
text-white rounded-xl 
font-black text-xs 
uppercase 
tracking-[0.2em] 
transition-all shadow-lg 
shadow-emerald-900/40 hove
r:shadow-emerald-900/60 
active:scale-[0.98] 
disabled:opacity-50 disabl
ed:cursor-not-allowed grou
p-hover/input:shadow-emera
ld-500/10"[39m
              [33mdisable
d[39m=[32m""[39m
            [36m>[39m
              
[0mProcessar Lista[0m
            
[36m</button>[39m
          [36m</div>[39m
        [36m</div>[39m
      [36m</div>[39m
    [36m</div>[39m
  [36m</div>[39m
[36m</body>[39m
[90m [2mÔØ»[22m 
Object.getElementError nod
e_modules/@testing-library
/dom/dist/config.js:[2m37
:19[22m[39m
[90m [2mÔØ»[22m node_mo
dules/@testing-library/dom
/dist/query-helpers.js:[2
m76:38[22m[39m
[90m [2mÔØ»[22m node_mo
dules/@testing-library/dom
/dist/query-helpers.js:[2
m52:17[22m[39m
[90m [2mÔØ»[22m node_mo
dules/@testing-library/dom
/dist/query-helpers.js:[2
m95:19[22m[39m
[36m [2mÔØ»[22m src/com
ponents/RecipientSelector.
test.jsx:[2m53:19[22m[3
9m
    [90m 51|[39m     [3
4mrender[39m([33m<[39m
[33mRecipientSelector[39m
 [33m{[39m[33m...[39md
efaultProps[33m}[39m [3
3m/[39m[33m>[39m)[33m;
[39m
    [90m 52|[39m     [3
4mexpect[39m(screen[33m.
[39m[34mgetByText[39m(
[36m/manual/i[39m))[33m.
[39m[34mtoBeInTheDocumen
t[39m()[33m;[39m
    [90m 53|[39m     [3
4mexpect[39m(screen[33m.
[39m[34mgetByText[39m(
[36m/upload/i[39m))[33m.
[39m[34mtoBeInTheDocumen
t[39m()[33m;[39m
    [90m   |[39m        
           [31m^[39m
    [90m 54|[39m   
})[33m;[39m
    [90m 55|[39m

[31m[2mÔÄ»ÔÄ»ÔÄ»ÔÄ»ÔÄ»ÔÄ
»ÔÄ»ÔÄ»ÔÄ»ÔÄ»ÔÄ»ÔÄ»ÔÄ»ÔÄ»Ô
Ä»ÔÄ»ÔÄ»ÔÄ»ÔÄ»ÔÄ»ÔÄ»ÔÄ»ÔÄ»
ÔÄ»[2/5]ÔÄ»[22m[39m

[41m[1m FAIL [22m[49m 
src/components/RecipientSe
lector.test.jsx[2m > [22
mRecipientSelector[2m > 
[22mchama onSelect com 
lista vazia ao iniciar
[31m[1mAssertionError[2
2m: expected "vi.fn()" to 
be called with arguments: 
[ [] ][90m

Received:

[1m  1st vi.fn() call:

[22m[2m  [[22m
[2m    [],[22m
[31m+   {[90m
[31m+     "mode": 
"manual",[90m
[31m+     "tag": "",[90m
[31m+   },[90m
[2m  ][22m
[31m[90m

Number of calls: 
[1m1[22m
[31m[39m
[36m [2mÔØ»[22m src/com
ponents/RecipientSelector.
test.jsx:[2m64:35[22m[3
9m
    [90m 62|[39m   
[34mit[39m([32m'chama 
onSelect com lista vazia 
ao 
iniciar'[39m[33m,[39m 
() [33m=>[39m {
    [90m 63|[39m     [3
4mrender[39m([33m<[39m
[33mRecipientSelector[39m
 [33m{[39m[33m...[39md
efaultProps[33m}[39m [3
3m/[39m[33m>[39m)[33m;
[39m
    [90m 64|[39m     [3
4mexpect[39m(defaultProps
[33m.[39monSelect)[33m.
[39m[34mtoHaveBeenCalled
With[39m([])[33m;[39m
    [90m   |[39m        
                          
 [31m^[39m
    [90m 65|[39m   
})[33m;[39m
    [90m 66|[39m

[31m[2mÔÄ»ÔÄ»ÔÄ»ÔÄ»ÔÄ»ÔÄ
»ÔÄ»ÔÄ»ÔÄ»ÔÄ»ÔÄ»ÔÄ»ÔÄ»ÔÄ»Ô
Ä»ÔÄ»ÔÄ»ÔÄ»ÔÄ»ÔÄ»ÔÄ»ÔÄ»ÔÄ»
ÔÄ»[3/5]ÔÄ»[22m[39m

[41m[1m FAIL [22m[49m 
src/components/RecipientSe
lector.test.jsx[2m > [22
mRecipientSelector[2m > 
[22mmuda para modo 
upload ao clicar no bot├úo
[31m[1mTestingLibraryEle
mentError[22m[39m: 
Unable to find an element 
with the text: /upload/i. 
This could be because the 
text is broken up by 
multiple elements. In 
this case, you can 
provide a function for 
your text matcher to make 
your matcher more 
flexible.

Ignored nodes: comments, 
script, style
[36m<body>[39m
  [36m<div>[39m
    [36m<div[39m
      [33mclass[39m=[32
m"space-y-6"[39m
    [36m>[39m
      [36m<div[39m
        [33mclass[39m=[
32m"bg-slate-900/40 
backdrop-blur-sm p-1 
rounded-3xl border 
border-white/5 p-8 
relative overflow-hidden 
group"[39m
      [36m>[39m
        [36m<div[39m
          [33mclass[39m=
[32m"absolute top-0 
left-0 w-full h-1 
bg-gradient-to-r 
from-transparent 
via-emerald-500/50 
to-transparent 
opacity-50"[39m
        [36m/>[39m
        [36m<div[39m
          [33mclass[39m=
[32m"flex justify-center 
mb-8"[39m
        [36m>[39m
          [36m<div[39m
            [33mclass[39
m=[32m"bg-black/40 p-1.5 
rounded-2xl inline-flex 
relative w-full max-w-md 
border border-white/5 
shadow-inner"[39m
          [36m>[39m
            
[36m<button[39m
              [33mclass[
39m=[32m"flex-1 flex 
items-center 
justify-center gap-2 py-3 
rounded-xl text-xs 
font-black uppercase 
tracking-widest 
transition-all 
duration-300 relative 
z-10 text-white shadow-lg 
shadow-emerald-900/20 
bg-slate-800 border 
border-white/5"[39m
            [36m>[39m
              
[36m<svg[39m
                [33mfill
[39m=[32m"none"[39m
                [33mheigh
t[39m=[32m"16"[39m
                [33mstrok
e[39m=[32m"currentColor"
[39m
                [33mstrok
e-width[39m=[32m"2.5"[3
9m
                
[33mviewBox[39m=[32m"0 
0 24 24"[39m
                [33mwidth
[39m=[32m"16"[39m
              [36m>[39m
                
[36m<path[39m
                  
[33md[39m=[32m"M11 
4H4a2 2 0 0 0-2 2v14a2 2 
0 0 0 2 2h14a2 2 0 0 0 
2-2v-7"[39m
                
[36m/>[39m
                
[36m<path[39m
                  
[33md[39m=[32m"M18.5 
2.5a2.121 2.121 0 0 1 3 
3L12 15l-4 1 1-4 
9.5-9.5z"[39m
                
[36m/>[39m
              
[36m</svg>[39m
              
[0mManual[0m
            
[36m</button>[39m
            
[36m<button[39m
              [33mclass[
39m=[32m"flex-1 flex 
items-center 
justify-center gap-2 py-3 
rounded-xl text-xs 
font-black uppercase 
tracking-widest 
transition-all 
duration-300 relative 
z-10 text-slate-500 
hover:text-slate-300"[39m
            [36m>[39m
              
[36m<svg[39m
                [33mfill
[39m=[32m"none"[39m
                [33mheigh
t[39m=[32m"16"[39m
                [33mstrok
e[39m=[32m"currentColor"
[39m
                [33mstrok
e-width[39m=[32m"2.5"[3
9m
                
[33mviewBox[39m=[32m"0 
0 24 24"[39m
                [33mwidth
[39m=[32m"16"[39m
              [36m>[39m
                
[36m<path[39m
                  
[33md[39m=[32m"M21 
15v4a2 2 0 0 1-2 2H5a2 2 
0 0 1-2-2v-4"[39m
                
[36m/>[39m
                
[36m<polyline[39m
                  
[33mpoints[39m=[32m"17 
8 12 3 7 8"[39m
                
[36m/>[39m
                
[36m<line[39m
                  [33mx1
[39m=[32m"12"[39m
                  [33mx2
[39m=[32m"12"[39m
                  
[33my1[39m=[32m"3"[39m
                  [33my2
[39m=[32m"15"[39m
                
[36m/>[39m
              
[36m</svg>[39m
              
[0mArquivo[0m
            
[36m</button>[39m
            
[36m<button[39m
              [33mclass[
39m=[32m"flex-1 flex 
items-center 
justify-center gap-2 py-3 
rounded-xl text-xs 
font-black uppercase 
tracking-widest 
transition-all 
duration-300 relative 
z-10 text-slate-500 
hover:text-slate-300"[39m
            [36m>[39m
              
[36m<svg[39m
                [33mfill
[39m=[32m"none"[39m
                [33mheigh
t[39m=[32m"16"[39m
                [33mstrok
e[39m=[32m"currentColor"
[39m
                [33mstrok
e-width[39m=[32m"2.5"[3
9m
                
[33mviewBox[39m=[32m"0 
0 24 24"[39m
                [33mwidth
[39m=[32m"16"[39m
              [36m>[39m
                
[36m<path[39m
                  
[33md[39m=[32m"M20.59 
13.41l-7.17 7.17a2 2 0 0 
1-2.83 0L2 12V2h10l8.59 
8.59a2 2 0 0 1 0 
2.82z"[39m
                
[36m/>[39m
                
[36m<line[39m
                  
[33mx1[39m=[32m"7"[39m
                  [33mx2
[39m=[32m"7.01"[39m
                  
[33my1[39m=[32m"7"[39m

[2m Test Files [22m [1m[31m1 failed[39m[22m[90m (1)[39m
[2m      Tests [22m [1m[31m5 failed[39m[22m[2m | [22m[1m[32m5 passed[39m[22m[90m (10)[39m
[2m   Start at [22m 10:02:40
[2m   Duration [22m 1.12s[2m (transform 88ms, setup 135ms, import 85ms, tests 211ms, environment 559ms)[22m

                  
[33my2[39m=[32m"7"[39m
                
[36m/>[39m
              
[36m</svg>[39m
              
[0mEtiquetas[0m
            
[36m</button>[39m
          [36m</div>[39m
        [36m</div>[39m
        [36m<div[39m
          [33mclass[39m=
[32m"space-y-5 
animate-in fade-in 
slide-in-from-bottom-2 
duration-300"[39m
        [36m>[39m
          [36m<div[39m
            [33mclass[39
m=[32m"relative 
group/input"[39m
          [36m>[39m
            [36m<div[39m
              [33mclass[
39m=[32m"absolute 
-inset-0.5 
bg-gradient-to-r 
from-emerald-500/20 
to-teal-500/20 
rounded-2xl blur 
opacity-0 group-hover/inpu
t:opacity-100 transition 
duration-500"[39m
            [36m/>[39m
            
[36m<textarea[39m
              [33mclass[
39m=[32m"relative w-full 
p-6 bg-black/40 border 
border-white/10 
rounded-2xl focus:border-e
merald-500/50 
focus:ring-1 
focus:ring-emerald-500/20 
outline-none 
text-slate-200 text-sm 
min-h-[160px] placeholder:
text-slate-600 font-mono 
transition-all 
resize-none 
shadow-inner"[39m
              [33mplaceho
lder[39m=[32m"Cole sua 
lista aqui...
5511999999999
5511888888888"[39m
            [36m/>[39m
            [36m<div[39m
              [33mclass[
39m=[32m"absolute 
bottom-4 right-4 
text-[10px] uppercase 
font-black text-slate-600 
tracking-widest 
pointer-events-none"[39m
            [36m>[39m
              [0mUm por 
linha[0m
            
[36m</div>[39m
          [36m</div>[39m
          [36m<div[39m
            [33mclass[39
m=[32m"flex gap-4"[39m
          [36m>[39m
            
[36m<button[39m
              [33mclass[
39m=[32m"flex-1 py-4 
bg-gradient-to-r 
from-emerald-600 
to-teal-600 
hover:from-emerald-500 
hover:to-teal-500 
text-white rounded-xl 
font-black text-xs 
uppercase 
tracking-[0.2em] 
transition-all shadow-lg 
shadow-emerald-900/40 hove
r:shadow-emerald-900/60 
active:scale-[0.98] 
disabled:opacity-50 disabl
ed:cursor-not-allowed grou
p-hover/input:shadow-emera
ld-500/10"[39m
              [33mdisable
d[39m=[32m""[39m
            [36m>[39m
              
[0mProcessar Lista[0m
            
[36m</button>[39m
          [36m</div>[39m
        [36m</div>[39m
      [36m</div>[39m
    [36m</div>[39m
  [36m</div>[39m
[36m</body>[39m
[90m [2mÔØ»[22m 
Object.getElementError nod
e_modules/@testing-library
/dom/dist/config.js:[2m37
:19[22m[39m
[90m [2mÔØ»[22m node_mo
dules/@testing-library/dom
/dist/query-helpers.js:[2
m76:38[22m[39m
[90m [2mÔØ»[22m node_mo
dules/@testing-library/dom
/dist/query-helpers.js:[2
m52:17[22m[39m
[90m [2mÔØ»[22m node_mo
dules/@testing-library/dom
/dist/query-helpers.js:[2
m95:19[22m[39m
[36m [2mÔØ»[22m src/com
ponents/RecipientSelector.
test.jsx:[2m69:30[22m[3
9m
    [90m 67|[39m   
[34mit[39m([32m'muda 
para modo upload ao 
clicar no 
bot├úo'[39m[33m,[39m 
() [33m=>[39m {
    [90m 68|[39m     [3
4mrender[39m([33m<[39m
[33mRecipientSelector[39m
 [33m{[39m[33m...[39md
efaultProps[33m}[39m [3
3m/[39m[33m>[39m)[33m;
[39m
    [90m 69|[39m     
[35mconst[39m uploadBtn 
[33m=[39m screen[33m.[
39m[34mgetByText[39m([3
6m/upload/i[39m)[33m;[3
9m
    [90m   |[39m        
                      
[31m^[39m
    [90m 70|[39m     fir
eEvent[33m.[39m[34mclic
k[39m(uploadBtn)[33m;[3
9m
    [90m 71|[39m     
[90m// Modo upload exibe 
input de arquivo[39m

[31m[2mÔÄ»ÔÄ»ÔÄ»ÔÄ»ÔÄ»ÔÄ
»ÔÄ»ÔÄ»ÔÄ»ÔÄ»ÔÄ»ÔÄ»ÔÄ»ÔÄ»Ô
Ä»ÔÄ»ÔÄ»ÔÄ»ÔÄ»ÔÄ»ÔÄ»ÔÄ»ÔÄ»
ÔÄ»[4/5]ÔÄ»[22m[39m

[41m[1m FAIL [22m[49m 
src/components/RecipientSe
lector.test.jsx[2m > [22
mRecipientSelector[2m > 
[22mcarrega leads da 
etiqueta e aplica 
vari├íveis
[31m[1mError[22m: 
Cannot find module 
'../AuthContext'
Require stack:
- C:\Users\aryar\.gemini\a
ntigravity\scratch\Projeto
s Serios\Projeto - 
ZapVoice no Chatwoot\front
end\src\components\Recipie
ntSelector.test.jsx[39m
[36m [2mÔØ»[22m src/com
ponents/RecipientSelector.
test.jsx:[2m123:31[22m[
39m
    [90m121|[39m
    [90m122|[39m   [34m
it[39m([32m'carrega 
leads da etiqueta e 
aplica vari├íveis'[39m[3
3m,[39m [35masync[39m 
() [33m=>[39m {
    [90m123|[39m     
[35mconst[39m { 
fetchWithAuth } 
[33m=[39m [34mrequire[
39m([32m'../AuthContext'
[39m)[33m;[39m
    [90m   |[39m        
                       
[31m^[39m
    [90m124|[39m     
[35mconst[39m vars 
[33m=[39m [{ 
key[33m:[39m 
[32m'1'[39m[33m,[39m 
label[33m:[39m 
[32m'Var 1'[39m 
}][33m;[39m
    [90m125|[39m

[31m[2mÔÄ»ÔÄ»ÔÄ»ÔÄ»ÔÄ»ÔÄ
»ÔÄ»ÔÄ»ÔÄ»ÔÄ»ÔÄ»ÔÄ»ÔÄ»ÔÄ»Ô
Ä»ÔÄ»ÔÄ»ÔÄ»ÔÄ»ÔÄ»ÔÄ»ÔÄ»ÔÄ»
ÔÄ»[5/5]ÔÄ»[22m[39m

